[INFO] Scanning for projects...
[INFO] 
[INFO] -----------------------< com.earacg:earaconnect >-----------------------
[INFO] Building earaconnect 0.0.1-SNAPSHOT
[INFO]   from pom.xml
[INFO] --------------------------------[ jar ]---------------------------------
[INFO] 
[INFO] --- maven-clean-plugin:3.4.1:clean (default-clean) @ earaconnect ---
[INFO] Deleting d:\Documents\RRA PROJECTS\MyRound(EARA)\EARACONNECT-BACKEND-DEPLOY4\target
[INFO] 
[INFO] --- maven-resources-plugin:3.3.1:resources (default-resources) @ earaconnect ---
[INFO] Copying 1 resource from src\main\resources to target\classes
[INFO] Copying 0 resource from src\main\resources to target\classes
[INFO] 
[INFO] --- maven-compiler-plugin:3.14.0:compile (default-compile) @ earaconnect ---
[INFO] Recompiling the module because of changed source code.
[INFO] Compiling 103 source files with javac [debug parameters release 17] to target\classes
[INFO] /d:/Documents/RRA PROJECTS/MyRound(EARA)/EARACONNECT-BACKEND-DEPLOY4/src/main/java/com/earacg/earaconnect/config/SecurityConfig.java: Some input files use or override a deprecated API.
[INFO] /d:/Documents/RRA PROJECTS/MyRound(EARA)/EARACONNECT-BACKEND-DEPLOY4/src/main/java/com/earacg/earaconnect/config/SecurityConfig.java: Recompile with -Xlint:deprecation for details.
[INFO] /d:/Documents/RRA PROJECTS/MyRound(EARA)/EARACONNECT-BACKEND-DEPLOY4/src/main/java/com/earacg/earaconnect/service/DashboardService.java: Some input files use unchecked or unsafe operations.
[INFO] /d:/Documents/RRA PROJECTS/MyRound(EARA)/EARACONNECT-BACKEND-DEPLOY4/src/main/java/com/earacg/earaconnect/service/DashboardService.java: Recompile with -Xlint:unchecked for details.
[INFO] -------------------------------------------------------------
[ERROR] COMPILATION ERROR : 
[INFO] -------------------------------------------------------------
[ERROR] /d:/Documents/RRA PROJECTS/MyRound(EARA)/EARACONNECT-BACKEND-DEPLOY4/src/main/java/com/earacg/earaconnect/service/DashboardService.java:[849,68] cannot find symbol
  symbol:   variable COMPLETED
  location: class com.earacg.earaconnect.model.SubTask.TaskStatus
[ERROR] /d:/Documents/RRA PROJECTS/MyRound(EARA)/EARACONNECT-BACKEND-DEPLOY4/src/main/java/com/earacg/earaconnect/service/DashboardService.java:[881,42] cannot find symbol
  symbol:   method getDeadline()
  location: variable t of type com.earacg.earaconnect.model.SubTask
[INFO] 2 errors 
[INFO] -------------------------------------------------------------
[INFO] ------------------------------------------------------------------------
[INFO] BUILD FAILURE
[INFO] ------------------------------------------------------------------------
[INFO] Total time:  12.849 s
[INFO] Finished at: 2026-02-23T06:36:47+01:00
[INFO] ------------------------------------------------------------------------
[ERROR] Failed to execute goal org.apache.maven.plugins:maven-compiler-plugin:3.14.0:compile (default-compile) on project earaconnect: Compilation failure: Compilation failure: 
[ERROR] /d:/Documents/RRA PROJECTS/MyRound(EARA)/EARACONNECT-BACKEND-DEPLOY4/src/main/java/com/earacg/earaconnect/service/DashboardService.java:[849,68] cannot find symbol
[ERROR]   symbol:   variable COMPLETED
[ERROR]   location: class com.earacg.earaconnect.model.SubTask.TaskStatus
[ERROR] /d:/Documents/RRA PROJECTS/MyRound(EARA)/EARACONNECT-BACKEND-DEPLOY4/src/main/java/com/earacg/earaconnect/service/DashboardService.java:[881,42] cannot find symbol
[ERROR]   symbol:   method getDeadline()
[ERROR]   location: variable t of type com.earacg.earaconnect.model.SubTask
[ERROR] -> [Help 1]
[ERROR] 
[ERROR] To see the full stack trace of the errors, re-run Maven with the -e switch.
[ERROR] Re-run Maven using the -X switch to enable full debug logging.
[ERROR] 
[ERROR] For more information about the errors and possible solutions, please read the following articles:
[ERROR] [Help 1] http://cwiki.apache.org/confluence/display/MAVEN/MojoFailureException
